// Jest Snapshot v1, https://goo.gl/fbAQLP

exports[`<SearchBar /> renders correctly and handles input 1`] = `
<View
  style={
    [
      {
        "backgroundColor": "#fff",
      },
      [
        {
          "alignItems": "center",
          "borderRadius": 14,
          "borderWidth": 1,
          "flexDirection": "row",
          "height": 50,
        },
        {
          "borderColor": "#eee",
        },
        undefined,
      ],
    ]
  }
>
  <View
    style={
      [
        {
          "backgroundColor": "#fff",
        },
        [
          {
            "alignItems": "center",
            "borderBottomLeftRadius": 13,
            "borderTopLeftRadius": 13,
            "height": "100%",
            "justifyContent": "center",
            "width": 50,
          },
          {
            "backgroundColor": "#eee",
          },
        ],
      ]
    }
  >
    <Text />
  </View>
  <TextInput
    accessibilityHint="Digite aqui para pesquisar notÃ­cias"
    accessibilityLabel="Campo de pesquisa"
    inputMode="search"
    onChangeText={[Function]}
    onSubmitEditing={[Function]}
    placeholder="Search..."
    placeholderTextColor="rgba(0, 0, 0, 0.5)"
    returnKeyType="search"
    style={
      [
        {
          "borderLeftWidth": 1,
          "flex": 1,
          "fontFamily": "Inter_400Regular",
          "fontSize": 16,
          "height": "100%",
          "paddingLeft": 15,
          "paddingRight": 35,
        },
        {
          "borderColor": "#eee",
          "color": "#000",
        },
      ]
    }
    value=""
  />
</View>
`;
